Script started on Mon 20 Oct 2014 05:10:21 PM PDT
]0;alexander@alexander-desktop: ~/Documents/execalexander@alexander-desktop:~/Documents/exec$ bin/rshell
$ #testing executing two or fewer commands with vai rious amounts od f spaces and connectors between them
$ ls
bin  LICENSE  Makefile	README	src  tests
$ ls;
bin  LICENSE  Makefile	README	src  tests
$  ls
bin  LICENSE  Makefile	README	src  tests
$  ls;
bin  LICENSE  Makefile	README	src  tests
$  ls ;
bin  LICENSE  Makefile	README	src  tests
$ ;s  ls;pwd
bin  LICENSE  Makefile	README	src  tests
/home/alexander/Documents/exec
$ ls ; pwd
bin  LICENSE  Makefile	README	src  tests
/home/alexander/Documents/exec
$ ls; pwd
bin  LICENSE  Makefile	README	src  tests
/home/alexander/Documents/exec
$ ls ;pwd
bin  LICENSE  Makefile	README	src  tests
/home/alexander/Documents/exec
$ #testsin  g    ing processing more than two commands with vara  rious amounts of spaces and connectors between
$ ls -a ; mkdir .secrets; ls -a;rm -rf .secrets ;ls -a
.  ..  bin  .git  LICENSE  Makefile  README  src  tests
.  ..  bin  .git  LICENSE  Makefile  README  .secrets  src  tests
.  ..  bin  .git  LICENSE  Makefile  README  src  tests
$ #testing the logic of the "&&", "||", and ";" connectors
$ ls; pwd; echo "complete"
bin  LICENSE  Makefile	README	src  tests
/home/alexander/Documents/exec
"complete"
$ not-acomd-     -cmd;s ls;pwd
execvp: No such file or directory
bin  LICENSE  Makefile	README	src  tests
/home/alexander/Documents/exec
$ ls ; not-a-cmd ; pwd
bin  LICENSE  Makefile	README	src  tests
execvp: No such file or directory
/home/alexander/Documents/exec
$ ls && pwd && echo "complete"
bin  LICENSE  Makefile	README	src  tests
/home/alexander/Documents/exec
"complete"
$ ls && not-a-cmd && pwd
bin  LICENSE  Makefile	README	src  tests
execvp: No such file or directory
$ not-a-cmd && ls && pwd
execvp: No such file or directory
$ ls || pwd || echo "complete"
bin  LICENSE  Makefile	README	src  tests
$ not  -a-cmd || ls || pwd
execvp: No such file or directory
bin  LICENSE  Makefile	README	src  tests
$ not-a-cmd || not-a-cmd || ls
execvp: No such file or directory
execvp: No such file or directory
bin  LICENSE  Makefile	README	src  tests
$ o nt ot-a-cmd;not-a-cmd;not-a-cmd
execvp: No such file or directory
execvp: No such file or directory
execvp: No such file or directory
$ not-a-cmd&&not-a-cmd&&not-a-cmd
execvp: No such file or directory
$ not-a-cmd||not-a-cmd||not-c a-d cmd
execvp: No such file or directory
execvp: No such file or directory
execvp: No such file or directory
$ #testing the use of flags and parameters
$ ls -a -l
total 36
drwxrwxr-x 6 alexander alexander 4096 Oct 20 17:13 .
drwxr-xr-x 5 alexander alexander 4096 Oct 20 17:03 ..
drwxrwxr-x 2 alexander alexander 4096 Oct 20 17:09 bin
drwxrwxr-x 8 alexander alexander 4096 Oct 20 17:09 .git
-rw-rw-r-- 1 alexander alexander   97 Oct 20 17:04 LICENSE
-rw-rw-r-- 1 alexander alexander  180 Oct 20 17:04 Makefile
-rw-rw-r-- 1 alexander alexander 2294 Oct 20 17:04 README
drwxrwxr-x 2 alexander alexander 4096 Oct 20 17:04 src
drwxrwxr-x 2 alexander alexander 4096 Oct 20 17:10 tests
$ ls -a -l && pwd && echo This is a param
total 36
drwxrwxr-x 6 alexander alexander 4096 Oct 20 17:13 .
drwxr-xr-x 5 alexander alexander 4096 Oct 20 17:03 ..
drwxrwxr-x 2 alexander alexander 4096 Oct 20 17:09 bin
drwxrwxr-x 8 alexander alexander 4096 Oct 20 17:09 .git
-rw-rw-r-- 1 alexander alexander   97 Oct 20 17:04 LICENSE
-rw-rw-r-- 1 alexander alexander  180 Oct 20 17:04 Makefile
-rw-rw-r-- 1 alexander alexander 2294 Oct 20 17:04 README
drwxrwxr-x 2 alexander alexander 4096 Oct 20 17:04 src
drwxrwxr-x 2 alexander alexander 4096 Oct 20 17:10 tests
/home/alexander/Documents/exec
This is a param
$ ls -a -l -Ql ;
total 36
drwxrwxr-x 6 alexander alexander 4096 Oct 20 17:13 "."
drwxr-xr-x 5 alexander alexander 4096 Oct 20 17:03 ".."
drwxrwxr-x 2 alexander alexander 4096 Oct 20 17:09 "bin"
drwxrwxr-x 8 alexander alexander 4096 Oct 20 17:09 ".git"
-rw-rw-r-- 1 alexander alexander   97 Oct 20 17:04 "LICENSE"
-rw-rw-r-- 1 alexander alexander  180 Oct 20 17:04 "Makefile"
-rw-rw-r-- 1 alexander alexander 2294 Oct 20 17:04 "README"
drwxrwxr-x 2 alexander alexander 4096 Oct 20 17:04 "src"
drwxrwxr-x 2 alexander alexander 4096 Oct 20 17:10 "tests"
$ echo the fie le reads: ; cat emptyfile
the file reads:
cat: emptyfile: No such file or directory
$ #testing the comment functionall ity
$ ls # t  this iz   s a comment
bin  LICENSE  Makefile	README	src  tests
$ ls #&&pwd && echo hello
bin  LICENSE  Makefile	README	src  tests
$ #ls && pwd && ls -a
$ #testing the exit command
$ exit
]0;alexander@alexander-desktop: ~/Documents/execalexander@alexander-desktop:~/Documents/exec$ bn[Kin/rshell
$ ls && pwd && exit
bin  LICENSE  Makefile	README	src  tests
/home/alexander/Documents/exec
]0;alexander@alexander-desktop: ~/Documents/execalexander@alexander-desktop:~/Documents/exec$ bin/sr[K[Krshell
$ ls &&  ||       not-a-cmd || not-a-cmd ||    exit   
execvp: No such file or directory
execvp: No such file or directory
]0;alexander@alexander-desktop: ~/Documents/execalexander@alexander-desktop:~/Documents/exec$ bin/rshell
$ this-will-not exit
execvp: No such file or directory
$ exit this-will-not
execvp: No such file or directory
$ echo "exit"
"exit"
$ echo ecit   xit
exit
$ ls ; touch exit ; ls ; rm exit ; exit
bin  LICENSE  Makefile	README	src  tests
bin  exit  LICENSE  Makefile  README  src  tests
]0;alexander@alexander-desktop: ~/Documents/execalexander@alexander-desktop:~/Documents/exec$ exit
exit

Script done on Mon 20 Oct 2014 05:24:26 PM PDT
