Script started on Mon 20 Oct 2014 10:13:47 AM PDT
~
aorti017@hammer $ cd Desktop/rshell
~/Desktop/rshell
aorti017@hammer $ make
if [ ! -d "./bin" ];\
	then mkdir bin;\
	fi
g++ -Wall -Werror -pedantic -ansi src/hw0.cpp -o bin/rshell
~/Desktop/rshell
aorti017@hammer $ bin/rshell
$ #I wi;ll   ll begin by processing commands seperated by spaces      variou  s amounts of spaces and con mmando s or neither^[[D    
$ ls #a command surrounded by no spaces and no connectors
bin  LICENSE  Makefile	README	src  tests
$ ls; #a command se  tem rminated with a connector
bin  LICENSE  Makefile	README	src  tests
$  ls #a command sp epr erated by sp              urrounded by spaces and cno  no     no connector 
bin  LICENSE  Makefile	README	src  tests
$ ls ; #  a command                ls ; #a comman  d s surrounded with spaces and termint ated by a connector
bin  LICENSE  Makefile	README	src  tests
$ ls && pwd #a   two commands seperated by spaces and a connector
bin  LICENSE  Makefile	README	src  tests
/home/csmajs/aorti017/Desktop/rshell
$ ls&& pwd #two commands seperated bya    a space and a connector
bin  LICENSE  Makefile	README	src  tests
/home/csmajs/aorti017/Desktop/rshell
$ ls &&pwd #to  two comamnd    mands seperated by a space and a connector
bin  LICENSE  Makefile	README	src  tests
/home/csmajs/aorti017/Desktop/rshell
$ ls&&pwd #two commands e seperated by only a connector
bin  LICENSE  Makefile	README	src  tests
/home/csmajs/aorti017/Desktop/rshell
$ ls && pw        ls -a&&mkdir .secrets && ls -a&& rm -rf .secrets &&ls -a #multiple commands sp eperated by varying amounts of spca  aces and connectors
.  ..  bin  .git  LICENSE  Makefile  README  src  tests
.  ..  bin  .git  LICENSE  Makefile  README  .secrets  src  tests
.  ..  bin  .git  LICENSE  Makefile  README  src  tests
$ ls -a;mkdir .       touch .s supersecrets ; ls 0a  -a; rm .supersecrets ;ls -al ; #  multiple commands seperated by varying amounts of space anda  terminated by a different com nnector
.  ..  bin  .git  LICENSE  Makefile  README  src  tests
.  ..  bin  .git  LICENSE  Makefile  README  src  .supersecrets  tests
.  ..  bin  .git  LICENSE  Makefile  README  src  tests
$ ls -al ;touch .supersecrets ; ls -al   ; rm.sup     .supersecrets ;ls 0a  -a #the sam e  e test as above w but without the temrinatinf g          erminating connector
.  ..  bin  .git  LICENSE  Makefile  README  src  tests
.  ..  bin  .git  LICENSE  Makefile  README  src  .supersecrets  tests
.  ..  bin  .git  LICENSE  Makefile  README  src  tests
$ #Now I will be e testing the logic of the connectors
$ ls ; pwd ; echo ""^[[Dhello          hello world";  ; #Using ; each command should execute regardless of ir f the one prior faie led                                                                         each command should execute
bin  LICENSE  Makefile	README	src  tests
/home/csmajs/aorti017/Desktop/rshell
"hello world"
$ not-a-comman   d ; ls ; pwd;       wd ; #each command after not-a-comm d should rn un despite it failing
execvp: No such file or directory
bin  LICENSE  Makefile	README	src  tests
/home/csmajs/aorti017/Desktop/rshell
$ ls ; not-a-comd ; pwd ; echo ""^[[Dhell         hello world" ; #each command beof  for  e and after not-a-ocm   comd should dr  run despite it failing
bin  LICENSE  Makefile	README	src  tests
execvp: No such file or directory
/home/csmajs/aorti017/Desktop/rshell
"hello world"
$ ls && pwd && wcho he  ""^[[D^[[D               echo : "hello word" #each command should execute if the one prior executed successfully
bin  LICENSE  Makefile	README	src  tests
/home/csmajs/aorti017/Desktop/rshell
"hello word"
$ not-a-comd && ls && pwd #nothing after not-aomc  com   -  -comd should run becase  use it fails
execvp: No such file or directory
$ ls && pw  d && not-a-comd && echo ""^[[Dhell         hello world" #eveyrthing       rything before but nothing after not-a-comd should execute bea cause not-a-comd fails
bin  LICENSE  Makefile	README	src  tests
/home/csmajs/aorti017/Desktop/rshell
execvp: No such file or directory
$ ls || pwd ||echo ""^[[Dhello world                hello world" #only the first command should ex                                only the first command should execute beca ause a command sp  should only execute if the prior to it failed
bin  LICENSE  Makefile	README	src  tests
$ not-a-comd || not-a-comd || ls ||pwd      pwd #o the ls  third command should execute beacsue the two beo fore it fail, but the fourth eill    wio ll not beacues the third passed
execvp: No such file or directory
execvp: No such file or directory
bin  LICENSE  Makefile	README	src  tests
$ #I will now demonstart                now test the exit command when enetered alone and                  tered alone and connected with other commands
$ exit
~/Desktop/rshell
aorti017@hammer $ bin/rshell
$ ls && pwd && exit
bin  LICENSE  Makefile	README	src  tests
/home/csmajs/aorti017/Desktop/rshell
~/Desktop/rshell
aorti017@hammer $ exit
exit

Script done on Mon 20 Oct 2014 10:52:50 AM PDT
