Script started on Mon 20 Oct 2014 08:42:35 PM PDT
]0;alexander@alexander-desktop: ~/Documents/execalexander@alexander-desktop:~/Documents/exec$ bin/rshell
$ #testing the executing of commands and multiple commands using connectors
$ ls
bin  LICENSE  Makefile	README	src  tests
$ pwd;
/home/alexander/Documents/exec
$ pwd ;
/home/alexander/Documents/exec
$  echo Hello world
Hello world
$ ls && pwd
bin  LICENSE  Makefile	README	src  tests
/home/alexander/Documents/exec
$ ls&& pwd
bin  LICENSE  Makefile	README	src  tests
/home/alexander/Documents/exec
$ ls &&pwd
bin  LICENSE  Makefile	README	src  tests
/home/alexander/Documents/exec
$ ls&&pwd
bin  LICENSE  Makefile	README	src  tests
/home/alexander/Documents/exec
$ 	ls -a ; touch .secrets; ls -a;rm .secrets ;ls -a
.  ..  bin  .git  LICENSE  Makefile  README  src  tests
.  ..  bin  .git  LICENSE  Makefile  README  .secrets  src  tests
.  ..  bin  .git  LICENSE  Makefile  README  src  tests
$ echo begin && ls&&ls-  -a&& mkdir .supersecrets &&ls -a&&touch .supersecrets/secrets && ls -a .supersecrets/ && rm .supersecrets/secrets&& ls -a .supersecrets/ && ls -a && rm -rm f .supersecrets && ls -a && echo end
begin
bin  LICENSE  Makefile	README	src  tests
.  ..  bin  .git  LICENSE  Makefile  README  src  tests
.  ..  bin  .git  LICENSE  Makefile  README  src  .supersecrets  tests
.  ..  secrets
.  ..
.  ..  bin  .git  LICENSE  Makefile  README  src  .supersecrets  tests
.  ..  bin  .git  LICENSE  Makefile  README  src  tests
end
$ #testing the logico  of the connectors
$ ls ; pwd ; echo "complete"
bin  LICENSE  Makefile	README	src  tests
/home/alexander/Documents/exec
"complete"
$ ls ; notacmd ; c echo "complete"
bin  LICENSE  Makefile	README	src  tests
execvp: No such file or directory
"complete"
$ ls && pwd && echo : "complete"
bin  LICENSE  Makefile	README	src  tests
/home/alexander/Documents/exec
"complete"
$ ls && notacmd && echo "complete"
bin  LICENSE  Makefile	README	src  tests
execvp: No such file or directory
$ notacmd &&ls && pwd
execvp: No such file or directory
$ ls || pwd || echo "complete"
bin  LICENSE  Makefile	README	src  tests
$ notacmd || ls || pwd
execvp: No such file or directory
bin  LICENSE  Makefile	README	src  tests
$ ls || notacmd || pwd
bin  LICENSE  Makefile	README	src  tests
$ #testing the ecit   xit command
$ exit
]0;alexander@alexander-desktop: ~/Documents/execalexander@alexander-desktop:~/Documents/exec$ bn[Kin/rshell
$ exit;
]0;alexander@alexander-desktop: ~/Documents/execalexander@alexander-desktop:~/Documents/exec$ bin/rshell
$ echo exit
exit
$ ls; touch exit; ls; rm x exit; ls
bin  LICENSE  Makefile	README	src  tests
bin  exit  LICENSE  Makefile  README  src  tests
bin  LICENSE  Makefile	README	src  tests
$ ls && pwd && exit
bin  LICENSE  Makefile	README	src  tests
/home/alexander/Documents/exec
]0;alexander@alexander-desktop: ~/Documents/execalexander@alexander-desktop:~/Documents/exec$ bin/rshell
$ pwd && ls && exit && echo I will never execute
/home/alexander/Documents/exec
bin  LICENSE  Makefile	README	src  tests
]0;alexander@alexander-desktop: ~/Documents/execalexander@alexander-desktop:~/Documents/exec$ ls ||[K[K[K[K[Kbin/rshell
$ ls || pwd     exit
bin  LICENSE  Makefile	README	src  tests
$ nt otacmd || exit
execvp: No such file or directory
]0;alexander@alexander-desktop: ~/Documents/execalexander@alexander-desktop:~/Documents/exec$ bin/rshell
$ echo "The exit command ex  will exit the program" && exit                                                     ex  E exit
]0;alexander@alexander-desktop: ~/Documents/execalexander@alexander-desktop:~/Documents/exec$ bin/rshell
$ #testing the comment fucntionality
$ ls#this is a comment
bin  LICENSE  Makefile	README	src  tests
$ pwd #&& ls && echo h this wont execute
/home/alexander/Documents/exec
$ #tis    his ln ine does nothing
$ exit
]0;alexander@alexander-desktop: ~/Documents/execalexander@alexander-desktop:~/Documents/exec$ exit
exit

Script done on Mon 20 Oct 2014 09:04:05 PM PDT
